// Jest Snapshot v1, https://goo.gl/fbAQLP

exports[`Fine Calculator should match fine calculation snapshot 1`] = `20`;
